[2026-08-03 09:57:17] ERROR | GET /api/report-cards/247/view | IP=127.0.0.1 | USER=9 | app.apis.reportcardgeneration | view_report_card failed | report_id=247
Traceback (most recent call last):
  File "/storage/emulated/0/Download/Schoolerpsystem/app/apis/reportcardgeneration.py", line 2206, in view_report_card
    upstream.raise_for_status()
    ~~~~~~~~~~~~~~~~~~~~~~~~~^^
  File "/data/data/com.termux/files/usr/lib/python3.14/site-packages/requests/models.py", line 1028, in raise_for_status
    raise HTTPError(http_error_msg, response=self)
requests.exceptions.HTTPError: 404 Client Error: Not Found for url: https://schoolerpsystem.b-cdn.net/uploads/report_cards/2026/Term_2/student_154_bot_1785248270_6c4f29a3.pdf?v=1785729436
[2026-08-03 09:57:17] ERROR | GET /api/report-cards/247/view | IP=127.0.0.1 | USER=9 | app.apis.reportcardgeneration | view_report_card failed | report_id=247
Traceback (most recent call last):
  File "/storage/emulated/0/Download/Schoolerpsystem/app/apis/reportcardgeneration.py", line 2206, in view_report_card
    upstream.raise_for_status()
    ~~~~~~~~~~~~~~~~~~~~~~~~~^^
  File "/data/data/com.termux/files/usr/lib/python3.14/site-packages/requests/models.py", line 1028, in raise_for_status
    raise HTTPError(http_error_msg, response=self)
requests.exceptions.HTTPError: 404 Client Error: Not Found for url: https://schoolerpsystem.b-cdn.net/uploads/report_cards/2026/Term_2/student_154_bot_1785248270_6c4f29a3.pdf?v=1785729436
[2026-08-03 09:57:57] WARNING | NO_REQUEST NO_REQUEST | IP=- | USER=- | app | Logging system initialised — writing WARNING+ to logs/application.log
[2026-08-03 09:57:57] WARNING | NO_REQUEST NO_REQUEST | IP=- | USER=- | app | Logging system initialised — writing WARNING+ to logs/application.log
[2026-08-17 18:17:47] WARNING | NO_REQUEST NO_REQUEST | IP=- | USER=- | app | Logging system initialised — writing WARNING+ to logs/application.log
[2026-08-17 18:17:47] WARNING | NO_REQUEST NO_REQUEST | IP=- | USER=- | app | Logging system initialised — writing WARNING+ to logs/application.log
[2026-08-17 18:20:56] WARNING | GET /favicon.ico | IP=127.0.0.1 | USER=- | app.core.error_handlers | 404 Not Found | GET /favicon.ico | IP=127.0.0.1 | USER=-
[2026-08-17 18:20:56] WARNING | GET /favicon.ico | IP=127.0.0.1 | USER=- | app.core.error_handlers | 404 Not Found | GET /favicon.ico | IP=127.0.0.1 | USER=-
[2026-08-20 19:28:26] WARNING | NO_REQUEST NO_REQUEST | IP=- | USER=- | app | Logging system initialised — writing WARNING+ to logs/application.log
[2026-08-20 19:28:26] WARNING | NO_REQUEST NO_REQUEST | IP=- | USER=- | app | Logging system initialised — writing WARNING+ to logs/application.log
[2026-08-20 19:28:26] WARNING | NO_REQUEST NO_REQUEST | IP=- | USER=- | app | Logging system initialised — writing WARNING+ to logs/application.log
[2026-08-20 19:28:26] WARNING | NO_REQUEST NO_REQUEST | IP=- | USER=- | app | Logging system initialised — writing WARNING+ to logs/application.log
[2026-08-20 19:35:19] WARNING | GET /favicon.ico | IP=41.210.147.232 | USER=- | app.core.error_handlers | 404 Not Found | GET /favicon.ico | IP=41.210.147.232 | USER=-
[2026-08-20 19:35:19] WARNING | GET /favicon.ico | IP=41.210.147.232 | USER=- | app.core.error_handlers | 404 Not Found | GET /favicon.ico | IP=41.210.147.232 | USER=-
[2026-08-20 19:35:30] WARNING | GET /favicon.ico | IP=41.210.147.232 | USER=- | app.core.error_handlers | 404 Not Found | GET /favicon.ico | IP=41.210.147.232 | USER=-
[2026-08-20 19:35:30] WARNING | GET /favicon.ico | IP=41.210.147.232 | USER=- | app.core.error_handlers | 404 Not Found | GET /favicon.ico | IP=41.210.147.232 | USER=-
[2026-08-20 19:36:44] WARNING | GET /favicon.ico | IP=102.203.209.79 | USER=- | app.core.error_handlers | 404 Not Found | GET /favicon.ico | IP=102.203.209.79 | USER=-
[2026-08-20 19:36:44] WARNING | GET /favicon.ico | IP=102.203.209.79 | USER=- | app.core.error_handlers | 404 Not Found | GET /favicon.ico | IP=102.203.209.79 | USER=-
[2026-08-20 20:19:52] WARNING | NO_REQUEST NO_REQUEST | IP=- | USER=- | weasyprint | Ignored `box-shadow: none` at 356:9, unknown property.
[2026-08-20 20:19:54] ERROR | NO_REQUEST NO_REQUEST | IP=- | USER=- | weasyprint | Failed to load image at 'https://1o1erp.b-cdn.net/school2/uploads/images/6_STD-176_fe93f82e16d8494f9c4b67947fe0e380.jpg': HTTPError: HTTP Error 404: Not Found
[2026-08-20 20:45:42] WARNING | GET /favicon.ico | IP=102.203.209.79 | USER=11 | app.core.error_handlers | 404 Not Found | GET /favicon.ico | IP=102.203.209.79 | USER=11
[2026-08-20 20:45:42] WARNING | GET /favicon.ico | IP=102.203.209.79 | USER=11 | app.core.error_handlers | 404 Not Found | GET /favicon.ico | IP=102.203.209.79 | USER=11
[2026-08-20 21:02:31] WARNING | NO_REQUEST NO_REQUEST | IP=- | USER=- | app | Logging system initialised — writing WARNING+ to logs/application.log
[2026-08-20 21:02:31] WARNING | NO_REQUEST NO_REQUEST | IP=- | USER=- | app | Logging system initialised — writing WARNING+ to logs/application.log
[2026-08-20 21:02:32] WARNING | NO_REQUEST NO_REQUEST | IP=- | USER=- | app | Logging system initialised — writing WARNING+ to logs/application.log
[2026-08-20 21:02:32] WARNING | NO_REQUEST NO_REQUEST | IP=- | USER=- | app | Logging system initialised — writing WARNING+ to logs/application.log
[2026-09-12 15:38:22] WARNING | NO_REQUEST NO_REQUEST | IP=- | USER=- | app | Logging system initialised — writing WARNING+ to logs/application.log
[2026-09-12 15:38:22] WARNING | NO_REQUEST NO_REQUEST | IP=- | USER=- | app | Logging system initialised — writing WARNING+ to logs/application.log
[2026-09-12 15:40:06] WARNING | NO_REQUEST NO_REQUEST | IP=- | USER=- | app | Logging system initialised — writing WARNING+ to logs/application.log
[2026-09-12 15:40:06] WARNING | NO_REQUEST NO_REQUEST | IP=- | USER=- | app | Logging system initialised — writing WARNING+ to logs/application.log
[2026-09-12 15:40:44] WARNING | NO_REQUEST NO_REQUEST | IP=- | USER=- | app | Logging system initialised — writing WARNING+ to logs/application.log
[2026-09-12 15:40:44] WARNING | NO_REQUEST NO_REQUEST | IP=- | USER=- | app | Logging system initialised — writing WARNING+ to logs/application.log
[2026-09-14 11:29:49] WARNING | NO_REQUEST NO_REQUEST | IP=- | USER=- | app | Logging system initialised — writing WARNING+ to logs/application.log
[2026-09-14 11:29:49] WARNING | NO_REQUEST NO_REQUEST | IP=- | USER=- | app | Logging system initialised — writing WARNING+ to logs/application.log
[2026-09-14 11:30:07] WARNING | GET /favicon.ico | IP=127.0.0.1 | USER=- | app.core.error_handlers | 404 Not Found | GET /favicon.ico | IP=127.0.0.1 | USER=-
[2026-09-14 11:30:07] WARNING | GET /favicon.ico | IP=127.0.0.1 | USER=- | app.core.error_handlers | 404 Not Found | GET /favicon.ico | IP=127.0.0.1 | USER=-
[2026-09-14 11:52:32] WARNING | NO_REQUEST NO_REQUEST | IP=- | USER=- | app | Logging system initialised — writing WARNING+ to logs/application.log
[2026-09-14 11:52:32] WARNING | NO_REQUEST NO_REQUEST | IP=- | USER=- | app | Logging system initialised — writing WARNING+ to logs/application.log
[2026-09-14 11:57:28] ERROR | GET /auth/logout | IP=127.0.0.1 | USER=- | app | Exception on /auth/logout [GET]
Traceback (most recent call last):
  File "/data/data/com.termux/files/usr/lib/python3.14/site-packages/flask/app.py", line 917, in full_dispatch_request
    rv = self.dispatch_request()
  File "/data/data/com.termux/files/usr/lib/python3.14/site-packages/flask/app.py", line 902, in dispatch_request
    return self.ensure_sync(self.view_functions[rule.endpoint])(**view_args)  # type: ignore[no-any-return]
           ~~~~~~~~~~~~~~~~~~~~~~~~~~~~~~~~~~~~~~~~~~~~~~~~~~~~^^^^^^^^^^^^^
  File "/data/data/com.termux/files/usr/lib/python3.14/site-packages/flask_jwt_extended/view_decorators.py", line 167, in decorator
    verify_jwt_in_request(
    ~~~~~~~~~~~~~~~~~~~~~^
        optional, fresh, refresh, locations, verify_type, skip_revocation_check
        ^^^^^^^^^^^^^^^^^^^^^^^^^^^^^^^^^^^^^^^^^^^^^^^^^^^^^^^^^^^^^^^^^^^^^^^
    )
    ^
  File "/data/data/com.termux/files/usr/lib/python3.14/site-packages/flask_jwt_extended/view_decorators.py", line 94, in verify_jwt_in_request
    jwt_data, jwt_header, jwt_location = _decode_jwt_from_request(
                                         ~~~~~~~~~~~~~~~~~~~~~~~~^
        locations,
        ^^^^^^^^^^
    ...<3 lines>...
        skip_revocation_check=skip_revocation_check,
        ^^^^^^^^^^^^^^^^^^^^^^^^^^^^^^^^^^^^^^^^^^^^
    )
    ^
  File "/data/data/com.termux/files/usr/lib/python3.14/site-packages/flask_jwt_extended/view_decorators.py", line 340, in _decode_jwt_from_request
    decoded_token = decode_token(encoded_token, csrf_token)
  File "/data/data/com.termux/files/usr/lib/python3.14/site-packages/flask_jwt_extended/utils.py", line 128, in decode_token
    return jwt_manager._decode_jwt_from_config(encoded_token, csrf_value, allow_expired)
           ~~~~~~~~~~~~~~~~~~~~~~~~~~~~~~~~~~~^^^^^^^^^^^^^^^^^^^^^^^^^^^^^^^^^^^^^^^^^^
  File "/data/data/com.termux/files/usr/lib/python3.14/site-packages/flask_jwt_extended/jwt_manager.py", line 557, in _decode_jwt_from_config
    return _decode_jwt(**kwargs, allow_expired=allow_expired)
  File "/data/data/com.termux/files/usr/lib/python3.14/site-packages/flask_jwt_extended/tokens.py", line 96, in _decode_jwt
    decoded_token = jwt.decode(
        encoded_token,
    ...<5 lines>...
        options=options,
    )
  File "/data/data/com.termux/files/usr/lib/python3.14/site-packages/jwt/api_jwt.py", line 365, in decode
    decoded = self.decode_complete(
        jwt,
    ...<8 lines>...
        leeway=leeway,
    )
  File "/data/data/com.termux/files/usr/lib/python3.14/site-packages/jwt/api_jwt.py", line 272, in decode_complete
    self._validate_claims(
    ~~~~~~~~~~~~~~~~~~~~~^
        payload,
        ^^^^^^^^
    ...<4 lines>...
        subject=subject,
        ^^^^^^^^^^^^^^^^
    )
    ^
  File "/data/data/com.termux/files/usr/lib/python3.14/site-packages/jwt/api_jwt.py", line 405, in _validate_claims
    self._validate_exp(payload, now, leeway)
    ~~~~~~~~~~~~~~~~~~^^^^^^^^^^^^^^^^^^^^^^
  File "/data/data/com.termux/files/usr/lib/python3.14/site-packages/jwt/api_jwt.py", line 508, in _validate_exp
    raise ExpiredSignatureError("Signature has expired")
jwt.exceptions.ExpiredSignatureError: Signature has expired

During handling of the above exception, another exception occurred:

Traceback (most recent call last):
  File "/data/data/com.termux/files/usr/lib/python3.14/site-packages/flask/app.py", line 1511, in wsgi_app
    response = self.full_dispatch_request()
  File "/data/data/com.termux/files/usr/lib/python3.14/site-packages/flask/app.py", line 919, in full_dispatch_request
    rv = self.handle_user_exception(e)
  File "/data/data/com.termux/files/usr/lib/python3.14/site-packages/flask_cors/extension.py", line 176, in wrapped_function
    return cors_after_request(app.make_response(f(*args, **kwargs)))
                                                ~^^^^^^^^^^^^^^^^^
  File "/data/data/com.termux/files/usr/lib/python3.14/site-packages/flask/app.py", line 809, in handle_user_exception
    return self.ensure_sync(handler)(e)  # type: ignore[no-any-return]
           ~~~~~~~~~~~~~~~~~~~~~~~~~^^^
  File "/data/data/com.termux/files/usr/lib/python3.14/site-packages/flask_jwt_extended/jwt_manager.py", line 132, in handle_expired_error
    return self._expired_token_callback(e.jwt_header, e.jwt_data)
           ~~~~~~~~~~~~~~~~~~~~~~~~~~~~^^^^^^^^^^^^^^^^^^^^^^^^^^
  File "/storage/emulated/0/Download/Schoolerpsystem/app/jwt_handler.py", line 88, in expired_token_callback
    return redirect(url_for("auth.login"))
                    ~~~~~~~^^^^^^^^^^^^^^
  File "/data/data/com.termux/files/usr/lib/python3.14/site-packages/flask/helpers.py", line 239, in url_for
    return current_app.url_for(
           ~~~~~~~~~~~~~~~~~~~^
        endpoint,
        ^^^^^^^^^
    ...<4 lines>...
        **values,
        ^^^^^^^^^
    )
    ^
  File "/data/data/com.termux/files/usr/lib/python3.14/site-packages/flask/app.py", line 1121, in url_for
    return self.handle_url_build_error(error, endpoint, values)
           ~~~~~~~~~~~~~~~~~~~~~~~~~~~^^^^^^^^^^^^^^^^^^^^^^^^^
  File "/data/data/com.termux/files/usr/lib/python3.14/site-packages/flask/app.py", line 1110, in url_for
    rv = url_adapter.build(  # type: ignore[union-attr]
        endpoint,
    ...<3 lines>...
        force_external=_external,
    )
  File "/data/data/com.termux/files/usr/lib/python3.14/site-packages/werkzeug/routing/map.py", line 901, in build
    raise BuildError(endpoint, values, method, self)
werkzeug.routing.exceptions.BuildError: Could not build url for endpoint 'auth.login'. Did you mean 'auth.login_page' instead?
[2026-09-14 11:57:28] ERROR | GET /auth/logout | IP=127.0.0.1 | USER=- | app | Exception on /auth/logout [GET]
Traceback (most recent call last):
  File "/data/data/com.termux/files/usr/lib/python3.14/site-packages/flask/app.py", line 917, in full_dispatch_request
    rv = self.dispatch_request()
  File "/data/data/com.termux/files/usr/lib/python3.14/site-packages/flask/app.py", line 902, in dispatch_request
    return self.ensure_sync(self.view_functions[rule.endpoint])(**view_args)  # type: ignore[no-any-return]
           ~~~~~~~~~~~~~~~~~~~~~~~~~~~~~~~~~~~~~~~~~~~~~~~~~~~~^^^^^^^^^^^^^
  File "/data/data/com.termux/files/usr/lib/python3.14/site-packages/flask_jwt_extended/view_decorators.py", line 167, in decorator
    verify_jwt_in_request(
    ~~~~~~~~~~~~~~~~~~~~~^
        optional, fresh, refresh, locations, verify_type, skip_revocation_check
        ^^^^^^^^^^^^^^^^^^^^^^^^^^^^^^^^^^^^^^^^^^^^^^^^^^^^^^^^^^^^^^^^^^^^^^^
    )
    ^
  File "/data/data/com.termux/files/usr/lib/python3.14/site-packages/flask_jwt_extended/view_decorators.py", line 94, in verify_jwt_in_request
    jwt_data, jwt_header, jwt_location = _decode_jwt_from_request(
                                         ~~~~~~~~~~~~~~~~~~~~~~~~^
        locations,
        ^^^^^^^^^^
    ...<3 lines>...
        skip_revocation_check=skip_revocation_check,
        ^^^^^^^^^^^^^^^^^^^^^^^^^^^^^^^^^^^^^^^^^^^^
    )
    ^
  File "/data/data/com.termux/files/usr/lib/python3.14/site-packages/flask_jwt_extended/view_decorators.py", line 340, in _decode_jwt_from_request
    decoded_token = decode_token(encoded_token, csrf_token)
  File "/data/data/com.termux/files/usr/lib/python3.14/site-packages/flask_jwt_extended/utils.py", line 128, in decode_token
    return jwt_manager._decode_jwt_from_config(encoded_token, csrf_value, allow_expired)
           ~~~~~~~~~~~~~~~~~~~~~~~~~~~~~~~~~~~^^^^^^^^^^^^^^^^^^^^^^^^^^^^^^^^^^^^^^^^^^
  File "/data/data/com.termux/files/usr/lib/python3.14/site-packages/flask_jwt_extended/jwt_manager.py", line 557, in _decode_jwt_from_config
    return _decode_jwt(**kwargs, allow_expired=allow_expired)
  File "/data/data/com.termux/files/usr/lib/python3.14/site-packages/flask_jwt_extended/tokens.py", line 96, in _decode_jwt
    decoded_token = jwt.decode(
        encoded_token,
    ...<5 lines>...
        options=options,
    )
  File "/data/data/com.termux/files/usr/lib/python3.14/site-packages/jwt/api_jwt.py", line 365, in decode
    decoded = self.decode_complete(
        jwt,
    ...<8 lines>...
        leeway=leeway,
    )
  File "/data/data/com.termux/files/usr/lib/python3.14/site-packages/jwt/api_jwt.py", line 272, in decode_complete
    self._validate_claims(
    ~~~~~~~~~~~~~~~~~~~~~^
        payload,
        ^^^^^^^^
    ...<4 lines>...
        subject=subject,
        ^^^^^^^^^^^^^^^^
    )
    ^
  File "/data/data/com.termux/files/usr/lib/python3.14/site-packages/jwt/api_jwt.py", line 405, in _validate_claims
    self._validate_exp(payload, now, leeway)
    ~~~~~~~~~~~~~~~~~~^^^^^^^^^^^^^^^^^^^^^^
  File "/data/data/com.termux/files/usr/lib/python3.14/site-packages/jwt/api_jwt.py", line 508, in _validate_exp
    raise ExpiredSignatureError("Signature has expired")
jwt.exceptions.ExpiredSignatureError: Signature has expired

During handling of the above exception, another exception occurred:

Traceback (most recent call last):
  File "/data/data/com.termux/files/usr/lib/python3.14/site-packages/flask/app.py", line 1511, in wsgi_app
    response = self.full_dispatch_request()
  File "/data/data/com.termux/files/usr/lib/python3.14/site-packages/flask/app.py", line 919, in full_dispatch_request
    rv = self.handle_user_exception(e)
  File "/data/data/com.termux/files/usr/lib/python3.14/site-packages/flask_cors/extension.py", line 176, in wrapped_function
    return cors_after_request(app.make_response(f(*args, **kwargs)))
                                                ~^^^^^^^^^^^^^^^^^
  File "/data/data/com.termux/files/usr/lib/python3.14/site-packages/flask/app.py", line 809, in handle_user_exception
    return self.ensure_sync(handler)(e)  # type: ignore[no-any-return]
           ~~~~~~~~~~~~~~~~~~~~~~~~~^^^
  File "/data/data/com.termux/files/usr/lib/python3.14/site-packages/flask_jwt_extended/jwt_manager.py", line 132, in handle_expired_error
    return self._expired_token_callback(e.jwt_header, e.jwt_data)
           ~~~~~~~~~~~~~~~~~~~~~~~~~~~~^^^^^^^^^^^^^^^^^^^^^^^^^^
  File "/storage/emulated/0/Download/Schoolerpsystem/app/jwt_handler.py", line 88, in expired_token_callback
    return redirect(url_for("auth.login"))
                    ~~~~~~~^^^^^^^^^^^^^^
  File "/data/data/com.termux/files/usr/lib/python3.14/site-packages/flask/helpers.py", line 239, in url_for
    return current_app.url_for(
           ~~~~~~~~~~~~~~~~~~~^
        endpoint,
        ^^^^^^^^^
    ...<4 lines>...
        **values,
        ^^^^^^^^^
    )
    ^
  File "/data/data/com.termux/files/usr/lib/python3.14/site-packages/flask/app.py", line 1121, in url_for
    return self.handle_url_build_error(error, endpoint, values)
           ~~~~~~~~~~~~~~~~~~~~~~~~~~~^^^^^^^^^^^^^^^^^^^^^^^^^
  File "/data/data/com.termux/files/usr/lib/python3.14/site-packages/flask/app.py", line 1110, in url_for
    rv = url_adapter.build(  # type: ignore[union-attr]
        endpoint,
    ...<3 lines>...
        force_external=_external,
    )
  File "/data/data/com.termux/files/usr/lib/python3.14/site-packages/werkzeug/routing/map.py", line 901, in build
    raise BuildError(endpoint, values, method, self)
werkzeug.routing.exceptions.BuildError: Could not build url for endpoint 'auth.login'. Did you mean 'auth.login_page' instead?
[2026-09-14 11:59:55] WARNING | NO_REQUEST NO_REQUEST | IP=- | USER=- | app | Logging system initialised — writing WARNING+ to logs/application.log
[2026-09-14 11:59:55] WARNING | NO_REQUEST NO_REQUEST | IP=- | USER=- | app | Logging system initialised — writing WARNING+ to logs/application.log
